**********************
Windows PowerShell transcript start
Start time: 20231030093802
Username: DESKTOP-AFHNQR2\Dell
RunAs User: DESKTOP-AFHNQR2\Dell
Configuration Name: 
Machine: DESKTOP-AFHNQR2 (Microsoft Windows NT 10.0.19045.0)
Host Application: C:\Windows\System32\WindowsPowerShell\v1.0\powershell.exe -noexit -command try { . "c:\Users\Dell\AppData\Local\Programs\Microsoft VS Code\resources\app\out\vs\workbench\contrib\terminal\browser\media\shellIntegration.ps1" } catch {}
Process ID: 12972
PSVersion: 5.1.19041.3031
PSEdition: Desktop
PSCompatibleVersions: 1.0, 2.0, 3.0, 4.0, 5.0, 5.1.19041.3031
BuildVersion: 10.0.19041.3031
CLRVersion: 4.0.30319.42000
WSManStackVersion: 3.0
PSRemotingProtocolVersion: 2.3
SerializationVersion: 1.1.0.1
**********************
Transcript started, output file is c:\Users\Dell\github-classroom\FPC-advanced\fpc-advanced-classroom-1st-year-assignment-Afkloppen\set03\problem01_session.txt
PS C:\Users\Dell\github-classroom\FPC-advanced\fpc-advanced-classroom-1st-year-assignment-Afkloppen> Start-Transcript -Path "c:\Users\Dell\github-classroom\FPC-advanced\fpc-advanced-classroom-1st-year-assignment-Afkloppen\set03\problem02_session.txt"
Transcript started, output file is c:\Users\Dell\github-classroom\FPC-advanced\fpc-advanced-classroom-1st-year-assignment-Afkloppen\set03\problem02_session.txt
PS C:\Users\Dell\github-classroom\FPC-advanced\fpc-advanced-classroom-1st-year-assignment-Afkloppen> Stop-Transcript
Transcript stopped, output file is C:\Users\Dell\github-classroom\FPC-advanced\fpc-advanced-classroom-1st-year-assignment-Afkloppen\set03\problem02_session.txt
PS C:\Users\Dell\github-classroom\FPC-advanced\fpc-advanced-classroom-1st-year-assignment-Afkloppen> git add .

PS C:\Users\Dell\github-classroom\FPC-advanced\fpc-advanced-classroom-1st-year-assignment-Afkloppen> git commit -m "committed 10/30/2023, 10:07:59 AM"

PS C:\Users\Dell\github-classroom\FPC-advanced\fpc-advanced-classroom-1st-year-assignment-Afkloppen> git push

PS C:\Users\Dell\github-classroom\FPC-advanced\fpc-advanced-classroom-1st-year-assignment-Afkloppen>  x3Start-Transcript -Path "c:\Users\Dell\github-classroom\FPC-advanced\fpc-advanced-classroom-1st-year-assignment-Afkloppen\set03\problem02_session.txt"
x3Start-Transcript : The term 'x3Start-Transcript' is not recognized as the name of a cmdlet, function, script file, or 
operable program. Check the spelling of the name, or if a path was included, verify that the path is correct and try 
again.
At line:1 char:2
+  x3Start-Transcript -Path "c:\Users\Dell\github-classroom\FPC-advance ...
+  ~~~~~~~~~~~~~~~~~~
    + CategoryInfo          : ObjectNotFound: (x3Start-Transcript:String) [], CommandNotFoundException
    + FullyQualifiedErrorId : CommandNotFoundException
x3Start-Transcript : The term 'x3Start-Transcript' is not recognized as the name of a cmdlet, function, script file, or
operable program. Check the spelling of the name, or if a path was included, verify that the path is correct and try again.
At line:1 char:2
+  x3Start-Transcript -Path "c:\Users\Dell\github-classroom\FPC-advance ...
+  ~~~~~~~~~~~~~~~~~~
    + CategoryInfo          : ObjectNotFound: (x3Start-Transcript:String) [], CommandNotFoundException
    + FullyQualifiedErrorId : CommandNotFoundException

